=== Multi-Tenant 
SaaS Platform - API 
Tests ===

1. Health Check
   PASS - Database 
connected

2. POST 
/api/auth/login
   PASS - Token 
received

3. GET /api/auth/me
   PASS - User data 
retrieved

4. GET /api/tenants
   FAIL - {"success":
false,"message":"Forb
idden: Insufficient 
permissions"}

5. GET /api/tenants/:
tenantId
   PASS - Tenant: 

6. GET /api/tenants/:
tenantId/users
   PASS - Found 3 
users

7. GET /api/projects
   PASS - Found 5 
projects

8. POST /api/projects
   PASS - Project 
created: 

9. GET /api/projects/
:projectId/tasks
   PASS - Found 0 
tasks

10. POST /api/project
s/:projectId/tasks
   PASS - Task 
created: 

11. PATCH /api/tasks/
:taskId/status
   FAIL - 



Error


Cannot PATCH 
/api/tasks//status




12. PUT 
/api/tasks/:taskId
   FAIL - 



Error


Cannot PUT 
/api/tasks/




=== SUMMARY ===
Passed: 9
Failed: 3

SOME TESTS FAILED
